// Jest Snapshot v1, https://goo.gl/fbAQLP

exports[`Mode::chords 1`] = `
[
  {
    "mode": {
      "key": "Eb",
      "type": 0,
    },
    "notes": [
      "Eb",
      "G",
      "Bb",
    ],
    "step": 1,
  },
  {
    "mode": {
      "key": "Eb",
      "type": 0,
    },
    "notes": [
      "F",
      "Ab",
      "C",
    ],
    "step": 2,
  },
  {
    "mode": {
      "key": "Eb",
      "type": 0,
    },
    "notes": [
      "G",
      "Bb",
      "D",
    ],
    "step": 3,
  },
  {
    "mode": {
      "key": "Eb",
      "type": 0,
    },
    "notes": [
      "Ab",
      "C",
      "Eb",
    ],
    "step": 4,
  },
  {
    "mode": {
      "key": "Eb",
      "type": 0,
    },
    "notes": [
      "Bb",
      "D",
      "F",
    ],
    "step": 5,
  },
  {
    "mode": {
      "key": "Eb",
      "type": 0,
    },
    "notes": [
      "C",
      "Eb",
      "G",
    ],
    "step": 6,
  },
  {
    "mode": {
      "key": "Eb",
      "type": 0,
    },
    "notes": [
      "D",
      "F",
      "Ab",
    ],
    "step": 7,
  },
]
`;

exports[`Mode:getKeys 1`] = `
[
  "C",
  "D♭",
  "D",
  "E♭",
  "E",
  "F",
  "F♯",
  "G♭",
  "G",
  "A♭",
  "A",
  "B♭",
  "B",
]
`;

exports[`Mode:modes 1`] = `
[
  {
    "group": "Major and Minor",
    "items": [
      {
        "label": "Natural Major",
        "value": 0,
      },
      {
        "label": "Harmonic Major",
        "value": 1,
      },
      {
        "label": "Melodic Major",
        "value": 2,
      },
      {
        "label": "Natural Minor",
        "value": 3,
      },
      {
        "label": "Harmonic Minor",
        "value": 4,
      },
      {
        "label": "Melodic Minor",
        "value": 5,
      },
    ],
  },
  {
    "group": "Church Mode",
    "items": [
      {
        "label": "Ionian",
        "value": 6,
      },
      {
        "label": "Dorian",
        "value": 7,
      },
      {
        "label": "Phrygian",
        "value": 8,
      },
      {
        "label": "Lydian",
        "value": 9,
      },
      {
        "label": "Mixolydian",
        "value": 10,
      },
      {
        "label": "Aeolian",
        "value": 11,
      },
      {
        "label": "Locrian",
        "value": 12,
      },
    ],
  },
  {
    "group": "Jazz",
    "items": [
      {
        "label": "Melodic Minor (Jazz)",
        "value": 15,
      },
      {
        "label": "Harmonic Minor (Jazz)",
        "value": 16,
      },
    ],
  },
]
`;

exports[`scale notes should match 1`] = `
[
  "C Natural Major: C D E F G A B",
  "G Natural Major: G A B C D E F♯",
  "D Natural Major: D E F♯ G A B C♯",
  "A Natural Major: A B C♯ D E F♯ G♯",
  "E Natural Major: E F♯ G♯ A B C♯ D♯",
  "B Natural Major: B C♯ D♯ E F♯ G♯ A♯",
  "G♭ Natural Major: G♭ A♭ B♭ C♭ D♭ E♭ F",
  "D♭ Natural Major: D♭ E♭ F G♭ A♭ B♭ C",
  "A♭ Natural Major: A♭ B♭ C D♭ E♭ F G",
  "E♭ Natural Major: E♭ F G A♭ B♭ C D",
  "B♭ Natural Major: B♭ C D E♭ F G A",
  "F Natural Major: F G A B♭ C D E",
  "A Natural Minor: A B C D E F G",
  "E Natural Minor: E F♯ G A B C D",
  "B Natural Minor: B C♯ D E F♯ G A",
  "F♯ Natural Minor: F♯ G♯ A B C♯ D E",
  "C♯ Natural Minor: C♯ D♯ E F♯ G♯ A B",
  "G♯ Natural Minor: G♯ A♯ B C♯ D♯ E F♯",
  "D♯ Natural Minor: D♯ E♯ F♯ G♯ A♯ B C♯",
  "B♭ Natural Minor: B♭ C D♭ E♭ F G♭ A♭",
  "F Natural Minor: F G A♭ B♭ C D♭ E♭",
  "C Natural Minor: C D E♭ F G A♭ B♭",
  "G Natural Minor: G A B♭ C D E♭ F",
  "D Natural Minor: D E F G A B♭ C",
  "A Harmonic Minor: A B C D E F G♯",
  "E Harmonic Minor: E F♯ G A B C D♯",
  "B Harmonic Minor: B C♯ D E F♯ G A♯",
  "F♯ Harmonic Minor: F♯ G♯ A B C♯ D E♯",
  "C♯ Harmonic Minor: C♯ D♯ E F♯ G♯ A B♯",
  "G♯ Harmonic Minor: G♯ A♯ B C♯ D♯ E F𝄪",
  "D♯ Harmonic Minor: D♯ E♯ F♯ G♯ A♯ B C𝄪",
  "B♭ Harmonic Minor: B♭ C D♭ E♭ F G♭ A♮",
  "F Harmonic Minor: F G A♭ B♭ C D♭ E♮",
  "C Harmonic Minor: C D E♭ F G A♭ B♮",
  "G Harmonic Minor: G A B♭ C D E♭ F♯",
  "D Harmonic Minor: D E F G A B♭ C♯",
]
`;
